// Jest Snapshot v1, https://goo.gl/fbAQLP

exports[`Button Component renders component 1`] = `undefined`;
